#-----------------------------------------------------------
# Vivado v2020.2 (64-bit)
# SW Build 3064766 on Wed Nov 18 09:12:45 MST 2020
# IP Build 3064653 on Wed Nov 18 14:17:31 MST 2020
# Start of session at: Fri Mar 22 16:23:02 2024
# Process ID: 33672
# Current directory: C:/Zedboard_Projects/ZedboardMemristorControl/design/pmod_spi
# Command line: vivado.exe -gui_launcher_event rodinguilauncherevent42080 C:\Zedboard_Projects\ZedboardMemristorControl\design\pmod_spi\pmod_spi.xpr
# Log file: C:/Zedboard_Projects/ZedboardMemristorControl/design/pmod_spi/vivado.log
# Journal file: C:/Zedboard_Projects/ZedboardMemristorControl/design/pmod_spi\vivado.jou
#-----------------------------------------------------------
start_gui
open_project C:/Zedboard_Projects/ZedboardMemristorControl/design/pmod_spi/pmod_spi.xpr
update_compile_order -fileset sources_1
file copy -force C:/Zedboard_Projects/ZedboardMemristorControl/design/pmod_spi/pmod_spi.runs/impl_1/design_1_wrapper.bit C:/Zedboard_Projects/ZedboardMemristorControl/design/pmod_spi/design_1.bit
